---
source: src/server/ws/golden_tests.rs
assertion_line: 670
expression: normalized
---
{
  "ok": true,
  "result": {
    "current": "<TTS_CURRENT>",
    "providers": [
      {
        "available": true,
        "id": "system",
        "name": "System Voice"
      },
      {
        "available": false,
        "id": "elevenlabs",
        "name": "ElevenLabs"
      },
      {
        "available": false,
        "id": "openai",
        "name": "OpenAI TTS"
      },
      {
        "available": false,
        "id": "google",
        "name": "Google Cloud TTS"
      }
    ]
  }
}
