---
source: src/server/ws/golden_tests.rs
assertion_line: 700
expression: normalized
---
{
  "ok": true,
  "result": [
    {
      "mode": "test",
      "platform": "<PLATFORM>",
      "reason": "connect",
      "roles": [
        "admin"
      ],
      "scopes": [],
      "ts": "<TIMESTAMP>",
      "version": "<VERSION>"
    }
  ]
}
